// Jest Snapshot v1, https://goo.gl/fbAQLP

exports[`<Routes /> should render correctly 1`] = `
<MemoryRouter>
  <Router
    history={
      Object {
        "action": "POP",
        "block": [Function],
        "canGo": [Function],
        "createHref": [Function],
        "entries": Array [
          Object {
            "hash": "",
            "key": "2ee6kx",
            "pathname": "/",
            "search": "",
            "state": undefined,
          },
        ],
        "go": [Function],
        "goBack": [Function],
        "goForward": [Function],
        "index": 0,
        "length": 1,
        "listen": [Function],
        "location": Object {
          "hash": "",
          "key": "2ee6kx",
          "pathname": "/",
          "search": "",
          "state": undefined,
        },
        "push": [Function],
        "replace": [Function],
      }
    }
  >
    <Routes>
      <Suspense
        fallback="Loading"
      >
        <Switch>
          <Route
            component={
              Object {
                "$$typeof": Symbol(react.lazy),
                "_init": [Function],
                "_payload": Object {
                  "_result": Promise {},
                  "_status": 0,
                },
              }
            }
            computedMatch={
              Object {
                "isExact": true,
                "params": Object {},
                "path": "/",
                "url": "/",
              }
            }
            exact={true}
            location={
              Object {
                "hash": "",
                "key": "2ee6kx",
                "pathname": "/",
                "search": "",
                "state": undefined,
              }
            }
            path="/"
          />
        </Switch>
        Loading
      </Suspense>
    </Routes>
  </Router>
</MemoryRouter>
`;
