// Jest Snapshot v1, https://goo.gl/fbAQLP

exports[`<RouterProvider /> should render correctly 1`] = `
<RouterProvider>
  <BrowserRouter>
    <Router
      history={
        Object {
          "action": "POP",
          "block": [Function],
          "createHref": [Function],
          "go": [Function],
          "goBack": [Function],
          "goForward": [Function],
          "length": 1,
          "listen": [Function],
          "location": Object {
            "hash": "",
            "pathname": "/",
            "search": "",
            "state": undefined,
          },
          "push": [Function],
          "replace": [Function],
        }
      }
    />
  </BrowserRouter>
</RouterProvider>
`;
